#
# There is insufficient memory for the Java Runtime Environment to continue.
# Native memory allocation (malloc) failed to allocate 1390240 bytes. Error detail: Chunk::new
# Possible reasons:
#   The system is out of physical RAM or swap space
#   This process is running with CompressedOops enabled, and the Java Heap may be blocking the growth of the native heap
# Possible solutions:
#   Reduce memory load on the system
#   Increase physical memory or swap space
#   Check if swap backing store is full
#   Decrease Java heap size (-Xmx/-Xms)
#   Decrease number of Java threads
#   Decrease Java thread stack sizes (-Xss)
#   Set larger code cache with -XX:ReservedCodeCacheSize=
#   JVM is running with Unscaled Compressed Oops mode in which the Java heap is
#     placed in the first 4GB address space. The Java Heap base address is the
#     maximum limit for the native heap growth. Please use -XX:HeapBaseMinAddress
#     to set the Java Heap base and to place the Java Heap above 4GB virtual address.
# This output file may be truncated or incomplete.
#
#  Out of Memory Error (arena.cpp:168), pid=25464, tid=1304
#
# JRE version: OpenJDK Runtime Environment Temurin-21.0.10+7 (21.0.10+7) (build 21.0.10+7-LTS)
# Java VM: OpenJDK 64-Bit Server VM Temurin-21.0.10+7 (21.0.10+7-LTS, mixed mode, sharing, tiered, compressed oops, compressed class ptrs, parallel gc, windows-amd64)
# No core dump will be written. Minidumps are not enabled by default on client versions of Windows
#

---------------  S U M M A R Y ------------

Command Line: --add-modules=ALL-SYSTEM --add-opens=java.base/java.util=ALL-UNNAMED --add-opens=java.base/java.lang=ALL-UNNAMED --add-opens=java.base/sun.nio.fs=ALL-UNNAMED -Declipse.application=org.eclipse.jdt.ls.core.id1 -Dosgi.bundles.defaultStartLevel=4 -Declipse.product=org.eclipse.jdt.ls.core.product -Djava.import.generatesMetadataFilesAtProjectRoot=false -DDetectVMInstallationsJob.disabled=true -Dfile.encoding=utf8 -XX:+UseParallelGC -XX:GCTimeRatio=4 -XX:AdaptiveSizePolicyWeight=90 -Dsun.zip.disableMemoryMapping=true -Xmx2G -Xms100m -Xlog:disable -javaagent:c:\Users\NCTona\.antigravity\extensions\redhat.java-1.53.0-win32-x64\lombok\lombok-1.18.39-4050.jar -XX:+HeapDumpOnOutOfMemoryError -XX:HeapDumpPath=c:\Users\NCTona\AppData\Roaming\Antigravity\User\workspaceStorage\1fc186f8b66f51753aaab29ba95648f8\redhat.java -Daether.dependencyCollector.impl=bf c:\Users\NCTona\.antigravity\extensions\redhat.java-1.53.0-win32-x64\server\plugins\org.eclipse.equinox.launcher_1.7.100.v20251111-0406.jar -configuration c:\Users\NCTona\AppData\Roaming\Antigravity\User\globalStorage\redhat.java\1.53.0\config_win -data c:\Users\NCTona\AppData\Roaming\Antigravity\User\workspaceStorage\1fc186f8b66f51753aaab29ba95648f8\redhat.java\jdt_ws --pipe=\\.\pipe\lsp-0442e554bbac45ec79e73006b1dab7e0-sock

Host: Intel(R) Core(TM) i5-10300H CPU @ 2.50GHz, 8 cores, 7G,  Windows 11 , 64 bit Build 26100 (10.0.26100.7920)
Time: Wed Apr  8 00:47:00 2026 SE Asia Standard Time elapsed time: 65.478794 seconds (0d 0h 1m 5s)

---------------  T H R E A D  ---------------

Current thread (0x00000221743f9820):  JavaThread "C2 CompilerThread0" daemon [_thread_in_native, id=1304, stack(0x000000d38f700000,0x000000d38f800000) (1024K)]


Current CompileTask:
C2:65479 14023 % !   4       org.eclipse.jdt.internal.core.JarPackageFragmentRoot::computeChildren @ 247 (606 bytes)

Stack: [0x000000d38f700000,0x000000d38f800000]
Native frames: (J=compiled Java code, j=interpreted, Vv=VM code, C=native code)
V  [jvm.dll+0x6d7a39]
V  [jvm.dll+0x8b4b26]
V  [jvm.dll+0x8b70de]
V  [jvm.dll+0x8b77c3]
V  [jvm.dll+0x284346]
V  [jvm.dll+0xc66ed]
V  [jvm.dll+0xc6c31]
V  [jvm.dll+0x3bec3b]
V  [jvm.dll+0x38b162]
V  [jvm.dll+0x38a5aa]
V  [jvm.dll+0x24c560]
V  [jvm.dll+0x24bb40]
V  [jvm.dll+0x1cb34e]
V  [jvm.dll+0x25b85d]
V  [jvm.dll+0x259dea]
V  [jvm.dll+0x3f857e]
V  [jvm.dll+0x85f59d]
V  [jvm.dll+0x6d626d]
C  [ucrtbase.dll+0x37b0]
C  [KERNEL32.DLL+0x2e8d7]
C  [ntdll.dll+0x8c48c]


---------------  P R O C E S S  ---------------

Threads class SMR info:
_java_thread_list=0x000002217c6898c0, length=46, elements={
0x000002215b738e90, 0x000002215da39800, 0x000002215da3e570, 0x00000221743f6ac0,
0x00000221743f7520, 0x00000221743f7f80, 0x00000221743f89e0, 0x00000221743f9820,
0x000002217a04b530, 0x000002217a1f6b80, 0x000002217a31a210, 0x000002217a9f40a0,
0x000002217a5b1be0, 0x000002217a1523f0, 0x000002217a51f770, 0x000002217ad74c00,
0x000002217a514200, 0x000002217a590470, 0x000002217ab3c780, 0x000002217ab3ce10,
0x000002217ab3d4a0, 0x000002217ab3e850, 0x000002217ab3db30, 0x000002217ab3eee0,
0x000002217ab3e1c0, 0x000002217ab3f570, 0x000002217ab3c0f0, 0x000002217c0f2d90,
0x000002217c0f3420, 0x000002217c0f3ab0, 0x000002217c0f5b80, 0x000002217c0f54f0,
0x000002217c0f4e60, 0x000002217c0f4140, 0x000002217c0f2700, 0x000002217c0f6210,
0x000002217c0f75c0, 0x000002217c0f68a0, 0x000002217c0f82e0, 0x000002217c0f8970,
0x000002217e200ab0, 0x000002217b9b7400, 0x000002217b9b3f80, 0x000002217b9b59c0,
0x000002217b9b6050, 0x000002217b9b4ca0
}

Java Threads: ( => current thread )
  0x000002215b738e90 JavaThread "main"                              [_thread_blocked, id=26228, stack(0x000000d38ed00000,0x000000d38ee00000) (1024K)]
  0x000002215da39800 JavaThread "Reference Handler"          daemon [_thread_blocked, id=48424, stack(0x000000d38f100000,0x000000d38f200000) (1024K)]
  0x000002215da3e570 JavaThread "Finalizer"                  daemon [_thread_blocked, id=35444, stack(0x000000d38f200000,0x000000d38f300000) (1024K)]
  0x00000221743f6ac0 JavaThread "Signal Dispatcher"          daemon [_thread_blocked, id=51652, stack(0x000000d38f300000,0x000000d38f400000) (1024K)]
  0x00000221743f7520 JavaThread "Attach Listener"            daemon [_thread_blocked, id=44820, stack(0x000000d38f400000,0x000000d38f500000) (1024K)]
  0x00000221743f7f80 JavaThread "Service Thread"             daemon [_thread_blocked, id=50900, stack(0x000000d38f500000,0x000000d38f600000) (1024K)]
  0x00000221743f89e0 JavaThread "Monitor Deflation Thread"   daemon [_thread_blocked, id=352, stack(0x000000d38f600000,0x000000d38f700000) (1024K)]
=>0x00000221743f9820 JavaThread "C2 CompilerThread0"         daemon [_thread_in_native, id=1304, stack(0x000000d38f700000,0x000000d38f800000) (1024K)]
  0x000002217a04b530 JavaThread "C1 CompilerThread0"         daemon [_thread_blocked, id=10760, stack(0x000000d38f800000,0x000000d38f900000) (1024K)]
  0x000002217a1f6b80 JavaThread "Common-Cleaner"             daemon [_thread_blocked, id=13768, stack(0x000000d38f900000,0x000000d38fa00000) (1024K)]
  0x000002217a31a210 JavaThread "Notification Thread"        daemon [_thread_blocked, id=45376, stack(0x000000d38fa00000,0x000000d38fb00000) (1024K)]
  0x000002217a9f40a0 JavaThread "Active Thread: Equinox Container: b57be88a-bfa2-4d06-8466-5ae5b5d7c365"        [_thread_blocked, id=48928, stack(0x000000d390100000,0x000000d390200000) (1024K)]
  0x000002217a5b1be0 JavaThread "Refresh Thread: Equinox Container: b57be88a-bfa2-4d06-8466-5ae5b5d7c365" daemon [_thread_blocked, id=15068, stack(0x000000d390300000,0x000000d390400000) (1024K)]
  0x000002217a1523f0 JavaThread "Framework Event Dispatcher: Equinox Container: b57be88a-bfa2-4d06-8466-5ae5b5d7c365" daemon [_thread_blocked, id=28356, stack(0x000000d390400000,0x000000d390500000) (1024K)]
  0x000002217a51f770 JavaThread "Start Level: Equinox Container: b57be88a-bfa2-4d06-8466-5ae5b5d7c365" daemon [_thread_blocked, id=52196, stack(0x000000d390500000,0x000000d390600000) (1024K)]
  0x000002217ad74c00 JavaThread "Bundle File Closer"         daemon [_thread_blocked, id=47320, stack(0x000000d390700000,0x000000d390800000) (1024K)]
  0x000002217a514200 JavaThread "SCR Component Actor"        daemon [_thread_blocked, id=50280, stack(0x000000d390600000,0x000000d390700000) (1024K)]
  0x000002217a590470 JavaThread "Worker-JM"                         [_thread_blocked, id=44132, stack(0x000000d390a00000,0x000000d390b00000) (1024K)]
  0x000002217ab3c780 JavaThread "JNA Cleaner"                daemon [_thread_blocked, id=24316, stack(0x000000d390b00000,0x000000d390c00000) (1024K)]
  0x000002217ab3ce10 JavaThread "Worker-0"                          [_thread_blocked, id=33364, stack(0x000000d390c00000,0x000000d390d00000) (1024K)]
  0x000002217ab3d4a0 JavaThread "Worker-1"                          [_thread_blocked, id=45104, stack(0x000000d390d00000,0x000000d390e00000) (1024K)]
  0x000002217ab3e850 JavaThread "Java indexing"              daemon [_thread_in_vm, id=7092, stack(0x000000d390900000,0x000000d390a00000) (1024K)]
  0x000002217ab3db30 JavaThread "Worker-2: Initialize Workspace"        [_thread_blocked, id=48248, stack(0x000000d391000000,0x000000d391100000) (1024K)]
  0x000002217ab3eee0 JavaThread "Worker-3"                          [_thread_blocked, id=26384, stack(0x000000d391100000,0x000000d391200000) (1024K)]
  0x000002217ab3e1c0 JavaThread "Worker-4: Java indexing... "        [_thread_blocked, id=39268, stack(0x000000d391200000,0x000000d391300000) (1024K)]
  0x000002217ab3f570 JavaThread "Thread-1"                   daemon [_thread_in_native, id=40008, stack(0x000000d391300000,0x000000d391400000) (1024K)]
  0x000002217ab3c0f0 JavaThread "Thread-2"                   daemon [_thread_in_native, id=44260, stack(0x000000d391400000,0x000000d391500000) (1024K)]
  0x000002217c0f2d90 JavaThread "Thread-3"                   daemon [_thread_in_native, id=3964, stack(0x000000d391500000,0x000000d391600000) (1024K)]
  0x000002217c0f3420 JavaThread "Thread-4"                   daemon [_thread_in_native, id=45372, stack(0x000000d391600000,0x000000d391700000) (1024K)]
  0x000002217c0f3ab0 JavaThread "Thread-5"                   daemon [_thread_in_native, id=42812, stack(0x000000d391700000,0x000000d391800000) (1024K)]
  0x000002217c0f5b80 JavaThread "Thread-6"                   daemon [_thread_in_native, id=30896, stack(0x000000d391800000,0x000000d391900000) (1024K)]
  0x000002217c0f54f0 JavaThread "Thread-7"                   daemon [_thread_in_native, id=44232, stack(0x000000d391900000,0x000000d391a00000) (1024K)]
  0x000002217c0f4e60 JavaThread "Thread-8"                   daemon [_thread_in_native, id=48028, stack(0x000000d391a00000,0x000000d391b00000) (1024K)]
  0x000002217c0f4140 JavaThread "Thread-9"                   daemon [_thread_in_native, id=44672, stack(0x000000d391b00000,0x000000d391c00000) (1024K)]
  0x000002217c0f2700 JavaThread "pool-2-thread-1"                   [_thread_blocked, id=42516, stack(0x000000d391c00000,0x000000d391d00000) (1024K)]
  0x000002217c0f6210 JavaThread "Worker-5"                          [_thread_blocked, id=38492, stack(0x000000d391d00000,0x000000d391e00000) (1024K)]
  0x000002217c0f75c0 JavaThread "WorkspaceEventsHandler"            [_thread_blocked, id=27740, stack(0x000000d391e00000,0x000000d391f00000) (1024K)]
  0x000002217c0f68a0 JavaThread "pool-1-thread-1"                   [_thread_blocked, id=37612, stack(0x000000d391f00000,0x000000d392000000) (1024K)]
  0x000002217c0f82e0 JavaThread "ForkJoinPool.commonPool-worker-1" daemon [_thread_blocked, id=9252, stack(0x000000d392200000,0x000000d392300000) (1024K)]
  0x000002217c0f8970 JavaThread "ForkJoinPool.commonPool-worker-2" daemon [_thread_blocked, id=47836, stack(0x000000d392300000,0x000000d392400000) (1024K)]
  0x000002217e200ab0 JavaThread "C2 CompilerThread1"         daemon [_thread_in_native, id=50944, stack(0x000000d390800000,0x000000d390900000) (1024K)]
  0x000002217b9b7400 JavaThread "Timer-0"                           [_thread_blocked, id=23972, stack(0x000000d392400000,0x000000d392500000) (1024K)]
  0x000002217b9b3f80 JavaThread "Connection worker"                 [_thread_in_vm, id=41456, stack(0x000000d392500000,0x000000d392600000) (1024K)]
  0x000002217b9b59c0 JavaThread "Exec process"                      [_thread_blocked, id=50160, stack(0x000000d38eb00000,0x000000d38ec00000) (1024K)]
  0x000002217b9b6050 JavaThread "Exec process Thread 2"             [_thread_blocked, id=43476, stack(0x000000d38ec00000,0x000000d38ed00000) (1024K)]
  0x000002217b9b4ca0 JavaThread "Exec process Thread 3"             [_thread_blocked, id=35820, stack(0x000000d392100000,0x000000d392200000) (1024K)]
Total: 46

Other Threads:
  0x000002215b7fe9b0 VMThread "VM Thread"                           [id=33980, stack(0x000000d38f000000,0x000000d38f100000) (1024K)]
  0x000002217430ca00 WatcherThread "VM Periodic Task Thread"        [id=51524, stack(0x000000d38ef00000,0x000000d38f000000) (1024K)]
  0x000002215d9a1ae0 WorkerThread "GC Thread#0"                     [id=44924, stack(0x000000d38ee00000,0x000000d38ef00000) (1024K)]
  0x000002217a849ec0 WorkerThread "GC Thread#1"                     [id=50428, stack(0x000000d38fb00000,0x000000d38fc00000) (1024K)]
  0x000002217a7ab9c0 WorkerThread "GC Thread#2"                     [id=47184, stack(0x000000d38fc00000,0x000000d38fd00000) (1024K)]
  0x000002217a94f0b0 WorkerThread "GC Thread#3"                     [id=36900, stack(0x000000d38fd00000,0x000000d38fe00000) (1024K)]
  0x000002217a94f460 WorkerThread "GC Thread#4"                     [id=22024, stack(0x000000d38fe00000,0x000000d38ff00000) (1024K)]
  0x000002217a94f810 WorkerThread "GC Thread#5"                     [id=48716, stack(0x000000d38ff00000,0x000000d390000000) (1024K)]
  0x000002217a855fd0 WorkerThread "GC Thread#6"                     [id=19472, stack(0x000000d390000000,0x000000d390100000) (1024K)]
  0x000002217a5b0c10 WorkerThread "GC Thread#7"                     [id=41036, stack(0x000000d390200000,0x000000d390300000) (1024K)]
Total: 10

Threads with active compile tasks:
C2 CompilerThread0  65530 14023 % !   4       org.eclipse.jdt.internal.core.JarPackageFragmentRoot::computeChildren @ 247 (606 bytes)
C2 CompilerThread1  65530 14096       4       org.eclipse.jdt.internal.compiler.classfmt.ModuleInfo::readModuleAttribute (1166 bytes)
Total: 2

VM state: not at safepoint (normal execution)

VM Mutex/Monitor currently owned by a thread: None

Heap address: 0x0000000080000000, size: 2048 MB, Compressed Oops mode: 32-bit

CDS archive(s) mapped at: [0x0000022100000000-0x0000022100ba0000-0x0000022100ba0000), size 12189696, SharedBaseAddress: 0x0000022100000000, ArchiveRelocationMode: 1.
Compressed class space mapped at: 0x0000022101000000-0x0000022141000000, reserved size: 1073741824
Narrow klass base: 0x0000022100000000, Narrow klass shift: 0, Narrow klass range: 0x100000000

GC Precious Log:
 CardTable entry size: 512
 CPUs: 8 total, 8 available
 Memory: 8029M
 Large Page Support: Disabled
 NUMA Support: Disabled
 Compressed Oops: Enabled (32-bit)
 Alignments: Space 512K, Generation 512K, Heap 2M
 Heap Min Capacity: 100M
 Heap Initial Capacity: 100M
 Heap Max Capacity: 2G
 Pre-touch: Disabled
 Parallel Workers: 8

Heap:
 PSYoungGen      total 8192K, used 7523K [0x00000000d5580000, 0x00000000d6200000, 0x0000000100000000)
  eden space 6656K, 89% used [0x00000000d5580000,0x00000000d5b58c10,0x00000000d5c00000)
  from space 1536K, 100% used [0x00000000d5c00000,0x00000000d5d80000,0x00000000d5d80000)
  to   space 3072K, 0% used [0x00000000d5f00000,0x00000000d5f00000,0x00000000d6200000)
 ParOldGen       total 121856K, used 121411K [0x0000000080000000, 0x0000000087700000, 0x00000000d5580000)
  object space 121856K, 99% used [0x0000000080000000,0x0000000087690de0,0x0000000087700000)
 Metaspace       used 77695K, committed 79232K, reserved 1179648K
  class space    used 8709K, committed 9408K, reserved 1048576K

Card table byte_map: [0x000002215d350000,0x000002215d760000] _byte_map_base: 0x000002215cf50000

Marking Bits: (ParMarkBitMap*) 0x00007ffb59bb3450
 Begin Bits: [0x000002216fe30000, 0x0000022171e30000)
 End Bits:   [0x0000022171e30000, 0x0000022173e30000)

Polling page: 0x000002215d140000

Metaspace:

Usage:
  Non-class:     67.37 MB used.
      Class:      8.51 MB used.
       Both:     75.87 MB used.

Virtual space:
  Non-class space:      128.00 MB reserved,      68.19 MB ( 53%) committed,  2 nodes.
      Class space:        1.00 GB reserved,       9.19 MB ( <1%) committed,  1 nodes.
             Both:        1.12 GB reserved,      77.38 MB (  7%) committed. 

Chunk freelists:
   Non-Class:  11.62 MB
       Class:  6.63 MB
        Both:  18.25 MB

MaxMetaspaceSize: unlimited
CompressedClassSpaceSize: 1.00 GB
Initial GC threshold: 21.00 MB
Current GC threshold: 97.31 MB
CDS: on
 - commit_granule_bytes: 65536.
 - commit_granule_words: 8192.
 - virtual_space_node_default_size: 8388608.
 - enlarge_chunks_in_place: 1.
 - use_allocation_guard: 0.


Internal statistics:

num_allocs_failed_limit: 9.
num_arena_births: 1418.
num_arena_deaths: 22.
num_vsnodes_births: 3.
num_vsnodes_deaths: 0.
num_space_committed: 1238.
num_space_uncommitted: 0.
num_chunks_returned_to_freelist: 35.
num_chunks_taken_from_freelist: 4809.
num_chunk_merges: 19.
num_chunk_splits: 3029.
num_chunks_enlarged: 1857.
num_inconsistent_stats: 0.

CodeHeap 'non-profiled nmethods': size=120000Kb used=10481Kb max_used=10481Kb free=109518Kb
 bounds [0x0000022168650000, 0x0000022169090000, 0x000002216fb80000]
CodeHeap 'profiled nmethods': size=120000Kb used=32452Kb max_used=32452Kb free=87547Kb
 bounds [0x0000022160b80000, 0x0000022162b40000, 0x00000221680b0000]
CodeHeap 'non-nmethods': size=5760Kb used=1465Kb max_used=1624Kb free=4294Kb
 bounds [0x00000221680b0000, 0x0000022168320000, 0x0000022168650000]
CodeCache: size=245760Kb, used=44398Kb, max_used=44557Kb, free=201359Kb
 total_blobs=14118, nmethods=13337, adapters=685, full_count=0
Compilation: enabled, stopped_count=0, restarted_count=0

Compilation events (20 events):
Event: 64.451 Thread 0x000002217a04b530 14107       3       org.eclipse.jdt.internal.compiler.ast.ParameterizedSingleTypeReference::<init> (32 bytes)
Event: 64.451 Thread 0x000002217a04b530 nmethod 14107 0x0000022162b21990 code [0x0000022162b21b40, 0x0000022162b21d88]
Event: 64.452 Thread 0x000002217a04b530 14108       3       org.eclipse.jdt.internal.compiler.parser.Parser::consumeMethodDeclaration (271 bytes)
Event: 64.452 Thread 0x000002217a04b530 nmethod 14108 0x0000022162b21e90 code [0x0000022162b220c0, 0x0000022162b22bf8]
Event: 64.453 Thread 0x000002217a04b530 14109   !   3       org.eclipse.core.filesystem.URIUtil::toURI (137 bytes)
Event: 64.454 Thread 0x000002217a04b530 nmethod 14109 0x0000022162b22f10 code [0x0000022162b23260, 0x0000022162b24368]
Event: 64.461 Thread 0x000002217a04b530 14110       3       org.eclipse.jdt.internal.compiler.lookup.CompilationUnitScope::faultInImports (1223 bytes)
Event: 64.467 Thread 0x000002217a04b530 nmethod 14110 0x0000022162b24b90 code [0x0000022162b25400, 0x0000022162b2b018]
Event: 64.467 Thread 0x000002217a04b530 14112       3       org.eclipse.jdt.internal.compiler.lookup.SourceTypeBinding::initializeForStaticImports (59 bytes)
Event: 64.468 Thread 0x000002217a04b530 nmethod 14112 0x0000022162b2d210 code [0x0000022162b2d420, 0x0000022162b2d958]
Event: 64.468 Thread 0x000002217a04b530 14113       3       org.eclipse.jdt.internal.compiler.lookup.TypeBinding::needsUncheckedConversion (109 bytes)
Event: 64.468 Thread 0x000002217a04b530 nmethod 14113 0x0000022162b2db10 code [0x0000022162b2ddc0, 0x0000022162b2ec18]
Event: 64.468 Thread 0x000002217a04b530 14111       1       org.eclipse.jdt.internal.compiler.lookup.FieldBinding::kind (2 bytes)
Event: 64.469 Thread 0x000002217a04b530 nmethod 14111 0x000002216908ba90 code [0x000002216908bc20, 0x000002216908bce8]
Event: 64.469 Thread 0x000002217a04b530 14114       1       org.eclipse.jdt.internal.compiler.ast.MessageSend::setExpectedType (6 bytes)
Event: 64.469 Thread 0x000002217a04b530 nmethod 14114 0x000002216908bd90 code [0x000002216908bf20, 0x000002216908c000]
Event: 64.472 Thread 0x000002217a04b530 14115       3       java.nio.charset.Charset::equals (31 bytes)
Event: 64.472 Thread 0x000002217a04b530 nmethod 14115 0x0000022162b2ef10 code [0x0000022162b2f0e0, 0x0000022162b2f4e8]
Event: 64.473 Thread 0x000002217a04b530 14116       3       lombok.eclipse.EclipseAST::buildTypes (53 bytes)
Event: 65.472 Thread 0x000002217a04b530 nmethod 14116 0x0000022162b2f610 code [0x0000022162b2f840, 0x0000022162b30128]

GC Heap History (20 events):
Event: 64.141 GC heap before
{Heap before GC invocations=137 (full 3):
 PSYoungGen      total 7168K, used 6944K [0x00000000d5580000, 0x00000000d5f00000, 0x0000000100000000)
  eden space 6656K, 100% used [0x00000000d5580000,0x00000000d5c00000,0x00000000d5c00000)
  from space 512K, 56% used [0x00000000d5e00000,0x00000000d5e48000,0x00000000d5e80000)
  to   space 512K, 0% used [0x00000000d5e80000,0x00000000d5e80000,0x00000000d5f00000)
 ParOldGen       total 118784K, used 118622K [0x0000000080000000, 0x0000000087400000, 0x00000000d5580000)
  object space 118784K, 99% used [0x0000000080000000,0x00000000873d7a58,0x0000000087400000)
 Metaspace       used 77447K, committed 79040K, reserved 1179648K
  class space    used 8691K, committed 9408K, reserved 1048576K
}
Event: 64.141 GC heap after
{Heap after GC invocations=137 (full 3):
 PSYoungGen      total 7168K, used 384K [0x00000000d5580000, 0x00000000d5f00000, 0x0000000100000000)
  eden space 6656K, 0% used [0x00000000d5580000,0x00000000d5580000,0x00000000d5c00000)
  from space 512K, 75% used [0x00000000d5e80000,0x00000000d5ee0000,0x00000000d5f00000)
  to   space 512K, 0% used [0x00000000d5e00000,0x00000000d5e00000,0x00000000d5e80000)
 ParOldGen       total 118784K, used 118678K [0x0000000080000000, 0x0000000087400000, 0x00000000d5580000)
  object space 118784K, 99% used [0x0000000080000000,0x00000000873e5a58,0x0000000087400000)
 Metaspace       used 77447K, committed 79040K, reserved 1179648K
  class space    used 8691K, committed 9408K, reserved 1048576K
}
Event: 64.156 GC heap before
{Heap before GC invocations=138 (full 3):
 PSYoungGen      total 7168K, used 7040K [0x00000000d5580000, 0x00000000d5f00000, 0x0000000100000000)
  eden space 6656K, 100% used [0x00000000d5580000,0x00000000d5c00000,0x00000000d5c00000)
  from space 512K, 75% used [0x00000000d5e80000,0x00000000d5ee0000,0x00000000d5f00000)
  to   space 512K, 0% used [0x00000000d5e00000,0x00000000d5e00000,0x00000000d5e80000)
 ParOldGen       total 118784K, used 118678K [0x0000000080000000, 0x0000000087400000, 0x00000000d5580000)
  object space 118784K, 99% used [0x0000000080000000,0x00000000873e5a58,0x0000000087400000)
 Metaspace       used 77451K, committed 79040K, reserved 1179648K
  class space    used 8691K, committed 9408K, reserved 1048576K
}
Event: 64.156 GC heap after
{Heap after GC invocations=138 (full 3):
 PSYoungGen      total 7168K, used 288K [0x00000000d5580000, 0x00000000d5f00000, 0x0000000100000000)
  eden space 6656K, 0% used [0x00000000d5580000,0x00000000d5580000,0x00000000d5c00000)
  from space 512K, 56% used [0x00000000d5e00000,0x00000000d5e48000,0x00000000d5e80000)
  to   space 512K, 0% used [0x00000000d5e80000,0x00000000d5e80000,0x00000000d5f00000)
 ParOldGen       total 119296K, used 118846K [0x0000000080000000, 0x0000000087480000, 0x00000000d5580000)
  object space 119296K, 99% used [0x0000000080000000,0x000000008740fa58,0x0000000087480000)
 Metaspace       used 77451K, committed 79040K, reserved 1179648K
  class space    used 8691K, committed 9408K, reserved 1048576K
}
Event: 64.171 GC heap before
{Heap before GC invocations=139 (full 3):
 PSYoungGen      total 7168K, used 6944K [0x00000000d5580000, 0x00000000d5f00000, 0x0000000100000000)
  eden space 6656K, 100% used [0x00000000d5580000,0x00000000d5c00000,0x00000000d5c00000)
  from space 512K, 56% used [0x00000000d5e00000,0x00000000d5e48000,0x00000000d5e80000)
  to   space 512K, 0% used [0x00000000d5e80000,0x00000000d5e80000,0x00000000d5f00000)
 ParOldGen       total 119296K, used 118846K [0x0000000080000000, 0x0000000087480000, 0x00000000d5580000)
  object space 119296K, 99% used [0x0000000080000000,0x000000008740fa58,0x0000000087480000)
 Metaspace       used 77453K, committed 79040K, reserved 1179648K
  class space    used 8691K, committed 9408K, reserved 1048576K
}
Event: 64.171 GC heap after
{Heap after GC invocations=139 (full 3):
 PSYoungGen      total 7168K, used 256K [0x00000000d5580000, 0x00000000d5f00000, 0x0000000100000000)
  eden space 6656K, 0% used [0x00000000d5580000,0x00000000d5580000,0x00000000d5c00000)
  from space 512K, 50% used [0x00000000d5e80000,0x00000000d5ec0000,0x00000000d5f00000)
  to   space 512K, 0% used [0x00000000d5e00000,0x00000000d5e00000,0x00000000d5e80000)
 ParOldGen       total 119296K, used 118966K [0x0000000080000000, 0x0000000087480000, 0x00000000d5580000)
  object space 119296K, 99% used [0x0000000080000000,0x000000008742da58,0x0000000087480000)
 Metaspace       used 77453K, committed 79040K, reserved 1179648K
  class space    used 8691K, committed 9408K, reserved 1048576K
}
Event: 64.188 GC heap before
{Heap before GC invocations=140 (full 3):
 PSYoungGen      total 7168K, used 6912K [0x00000000d5580000, 0x00000000d5f00000, 0x0000000100000000)
  eden space 6656K, 100% used [0x00000000d5580000,0x00000000d5c00000,0x00000000d5c00000)
  from space 512K, 50% used [0x00000000d5e80000,0x00000000d5ec0000,0x00000000d5f00000)
  to   space 512K, 0% used [0x00000000d5e00000,0x00000000d5e00000,0x00000000d5e80000)
 ParOldGen       total 119296K, used 118966K [0x0000000080000000, 0x0000000087480000, 0x00000000d5580000)
  object space 119296K, 99% used [0x0000000080000000,0x000000008742da58,0x0000000087480000)
 Metaspace       used 77453K, committed 79040K, reserved 1179648K
  class space    used 8691K, committed 9408K, reserved 1048576K
}
Event: 64.189 GC heap after
{Heap after GC invocations=140 (full 3):
 PSYoungGen      total 7168K, used 256K [0x00000000d5580000, 0x00000000d5f00000, 0x0000000100000000)
  eden space 6656K, 0% used [0x00000000d5580000,0x00000000d5580000,0x00000000d5c00000)
  from space 512K, 50% used [0x00000000d5e00000,0x00000000d5e40000,0x00000000d5e80000)
  to   space 512K, 0% used [0x00000000d5e80000,0x00000000d5e80000,0x00000000d5f00000)
 ParOldGen       total 119296K, used 119038K [0x0000000080000000, 0x0000000087480000, 0x00000000d5580000)
  object space 119296K, 99% used [0x0000000080000000,0x000000008743fa58,0x0000000087480000)
 Metaspace       used 77453K, committed 79040K, reserved 1179648K
  class space    used 8691K, committed 9408K, reserved 1048576K
}
Event: 64.206 GC heap before
{Heap before GC invocations=141 (full 3):
 PSYoungGen      total 7168K, used 6912K [0x00000000d5580000, 0x00000000d5f00000, 0x0000000100000000)
  eden space 6656K, 100% used [0x00000000d5580000,0x00000000d5c00000,0x00000000d5c00000)
  from space 512K, 50% used [0x00000000d5e00000,0x00000000d5e40000,0x00000000d5e80000)
  to   space 512K, 0% used [0x00000000d5e80000,0x00000000d5e80000,0x00000000d5f00000)
 ParOldGen       total 119296K, used 119038K [0x0000000080000000, 0x0000000087480000, 0x00000000d5580000)
  object space 119296K, 99% used [0x0000000080000000,0x000000008743fa58,0x0000000087480000)
 Metaspace       used 77453K, committed 79040K, reserved 1179648K
  class space    used 8691K, committed 9408K, reserved 1048576K
}
Event: 64.207 GC heap after
{Heap after GC invocations=141 (full 3):
 PSYoungGen      total 7168K, used 224K [0x00000000d5580000, 0x00000000d5f00000, 0x0000000100000000)
  eden space 6656K, 0% used [0x00000000d5580000,0x00000000d5580000,0x00000000d5c00000)
  from space 512K, 43% used [0x00000000d5e80000,0x00000000d5eb8000,0x00000000d5f00000)
  to   space 512K, 0% used [0x00000000d5e00000,0x00000000d5e00000,0x00000000d5e80000)
 ParOldGen       total 119296K, used 119134K [0x0000000080000000, 0x0000000087480000, 0x00000000d5580000)
  object space 119296K, 99% used [0x0000000080000000,0x0000000087457a58,0x0000000087480000)
 Metaspace       used 77453K, committed 79040K, reserved 1179648K
  class space    used 8691K, committed 9408K, reserved 1048576K
}
Event: 64.219 GC heap before
{Heap before GC invocations=142 (full 3):
 PSYoungGen      total 7168K, used 6880K [0x00000000d5580000, 0x00000000d5f00000, 0x0000000100000000)
  eden space 6656K, 100% used [0x00000000d5580000,0x00000000d5c00000,0x00000000d5c00000)
  from space 512K, 43% used [0x00000000d5e80000,0x00000000d5eb8000,0x00000000d5f00000)
  to   space 512K, 0% used [0x00000000d5e00000,0x00000000d5e00000,0x00000000d5e80000)
 ParOldGen       total 119296K, used 119134K [0x0000000080000000, 0x0000000087480000, 0x00000000d5580000)
  object space 119296K, 99% used [0x0000000080000000,0x0000000087457a58,0x0000000087480000)
 Metaspace       used 77453K, committed 79040K, reserved 1179648K
  class space    used 8691K, committed 9408K, reserved 1048576K
}
Event: 64.220 GC heap after
{Heap after GC invocations=142 (full 3):
 PSYoungGen      total 7168K, used 224K [0x00000000d5580000, 0x00000000d5f00000, 0x0000000100000000)
  eden space 6656K, 0% used [0x00000000d5580000,0x00000000d5580000,0x00000000d5c00000)
  from space 512K, 43% used [0x00000000d5e00000,0x00000000d5e38000,0x00000000d5e80000)
  to   space 512K, 0% used [0x00000000d5e80000,0x00000000d5e80000,0x00000000d5f00000)
 ParOldGen       total 119296K, used 119254K [0x0000000080000000, 0x0000000087480000, 0x00000000d5580000)
  object space 119296K, 99% used [0x0000000080000000,0x0000000087475a58,0x0000000087480000)
 Metaspace       used 77453K, committed 79040K, reserved 1179648K
  class space    used 8691K, committed 9408K, reserved 1048576K
}
Event: 64.236 GC heap before
{Heap before GC invocations=143 (full 3):
 PSYoungGen      total 7168K, used 6880K [0x00000000d5580000, 0x00000000d5f00000, 0x0000000100000000)
  eden space 6656K, 100% used [0x00000000d5580000,0x00000000d5c00000,0x00000000d5c00000)
  from space 512K, 43% used [0x00000000d5e00000,0x00000000d5e38000,0x00000000d5e80000)
  to   space 512K, 0% used [0x00000000d5e80000,0x00000000d5e80000,0x00000000d5f00000)
 ParOldGen       total 119296K, used 119254K [0x0000000080000000, 0x0000000087480000, 0x00000000d5580000)
  object space 119296K, 99% used [0x0000000080000000,0x0000000087475a58,0x0000000087480000)
 Metaspace       used 77453K, committed 79040K, reserved 1179648K
  class space    used 8691K, committed 9408K, reserved 1048576K
}
Event: 64.236 GC heap after
{Heap after GC invocations=143 (full 3):
 PSYoungGen      total 7168K, used 256K [0x00000000d5580000, 0x00000000d5f00000, 0x0000000100000000)
  eden space 6656K, 0% used [0x00000000d5580000,0x00000000d5580000,0x00000000d5c00000)
  from space 512K, 50% used [0x00000000d5e80000,0x00000000d5ec0000,0x00000000d5f00000)
  to   space 512K, 0% used [0x00000000d5e00000,0x00000000d5e00000,0x00000000d5e80000)
 ParOldGen       total 119808K, used 119326K [0x0000000080000000, 0x0000000087500000, 0x00000000d5580000)
  object space 119808K, 99% used [0x0000000080000000,0x0000000087487a58,0x0000000087500000)
 Metaspace       used 77453K, committed 79040K, reserved 1179648K
  class space    used 8691K, committed 9408K, reserved 1048576K
}
Event: 64.309 GC heap before
{Heap before GC invocations=144 (full 3):
 PSYoungGen      total 7168K, used 6912K [0x00000000d5580000, 0x00000000d5f00000, 0x0000000100000000)
  eden space 6656K, 100% used [0x00000000d5580000,0x00000000d5c00000,0x00000000d5c00000)
  from space 512K, 50% used [0x00000000d5e80000,0x00000000d5ec0000,0x00000000d5f00000)
  to   space 512K, 0% used [0x00000000d5e00000,0x00000000d5e00000,0x00000000d5e80000)
 ParOldGen       total 119808K, used 119326K [0x0000000080000000, 0x0000000087500000, 0x00000000d5580000)
  object space 119808K, 99% used [0x0000000080000000,0x0000000087487a58,0x0000000087500000)
 Metaspace       used 77467K, committed 79040K, reserved 1179648K
  class space    used 8693K, committed 9408K, reserved 1048576K
}
Event: 64.311 GC heap after
{Heap after GC invocations=144 (full 3):
 PSYoungGen      total 7168K, used 512K [0x00000000d5580000, 0x00000000d5f00000, 0x0000000100000000)
  eden space 6656K, 0% used [0x00000000d5580000,0x00000000d5580000,0x00000000d5c00000)
  from space 512K, 100% used [0x00000000d5e00000,0x00000000d5e80000,0x00000000d5e80000)
  to   space 512K, 0% used [0x00000000d5e80000,0x00000000d5e80000,0x00000000d5f00000)
 ParOldGen       total 120320K, used 119834K [0x0000000080000000, 0x0000000087580000, 0x00000000d5580000)
  object space 120320K, 99% used [0x0000000080000000,0x0000000087506a88,0x0000000087580000)
 Metaspace       used 77467K, committed 79040K, reserved 1179648K
  class space    used 8693K, committed 9408K, reserved 1048576K
}
Event: 64.394 GC heap before
{Heap before GC invocations=145 (full 3):
 PSYoungGen      total 7168K, used 7168K [0x00000000d5580000, 0x00000000d5f00000, 0x0000000100000000)
  eden space 6656K, 100% used [0x00000000d5580000,0x00000000d5c00000,0x00000000d5c00000)
  from space 512K, 100% used [0x00000000d5e00000,0x00000000d5e80000,0x00000000d5e80000)
  to   space 512K, 0% used [0x00000000d5e80000,0x00000000d5e80000,0x00000000d5f00000)
 ParOldGen       total 120320K, used 119834K [0x0000000080000000, 0x0000000087580000, 0x00000000d5580000)
  object space 120320K, 99% used [0x0000000080000000,0x0000000087506a88,0x0000000087580000)
 Metaspace       used 77513K, committed 79104K, reserved 1179648K
  class space    used 8696K, committed 9408K, reserved 1048576K
}
Event: 64.396 GC heap after
{Heap after GC invocations=145 (full 3):
 PSYoungGen      total 7168K, used 512K [0x00000000d5580000, 0x00000000d5f00000, 0x0000000100000000)
  eden space 6656K, 0% used [0x00000000d5580000,0x00000000d5580000,0x00000000d5c00000)
  from space 512K, 100% used [0x00000000d5e80000,0x00000000d5f00000,0x00000000d5f00000)
  to   space 1536K, 0% used [0x00000000d5c00000,0x00000000d5c00000,0x00000000d5d80000)
 ParOldGen       total 120832K, used 120588K [0x0000000080000000, 0x0000000087600000, 0x00000000d5580000)
  object space 120832K, 99% used [0x0000000080000000,0x00000000875c3320,0x0000000087600000)
 Metaspace       used 77513K, committed 79104K, reserved 1179648K
  class space    used 8696K, committed 9408K, reserved 1048576K
}
Event: 64.434 GC heap before
{Heap before GC invocations=146 (full 3):
 PSYoungGen      total 7168K, used 7168K [0x00000000d5580000, 0x00000000d5f00000, 0x0000000100000000)
  eden space 6656K, 100% used [0x00000000d5580000,0x00000000d5c00000,0x00000000d5c00000)
  from space 512K, 100% used [0x00000000d5e80000,0x00000000d5f00000,0x00000000d5f00000)
  to   space 1536K, 0% used [0x00000000d5c00000,0x00000000d5c00000,0x00000000d5d80000)
 ParOldGen       total 120832K, used 120588K [0x0000000080000000, 0x0000000087600000, 0x00000000d5580000)
  object space 120832K, 99% used [0x0000000080000000,0x00000000875c3320,0x0000000087600000)
 Metaspace       used 77525K, committed 79104K, reserved 1179648K
  class space    used 8697K, committed 9408K, reserved 1048576K
}
Event: 64.437 GC heap after
{Heap after GC invocations=146 (full 3):
 PSYoungGen      total 8192K, used 1536K [0x00000000d5580000, 0x00000000d6200000, 0x0000000100000000)
  eden space 6656K, 0% used [0x00000000d5580000,0x00000000d5580000,0x00000000d5c00000)
  from space 1536K, 100% used [0x00000000d5c00000,0x00000000d5d80000,0x00000000d5d80000)
  to   space 3072K, 0% used [0x00000000d5f00000,0x00000000d5f00000,0x00000000d6200000)
 ParOldGen       total 121856K, used 121411K [0x0000000080000000, 0x0000000087700000, 0x00000000d5580000)
  object space 121856K, 99% used [0x0000000080000000,0x0000000087690de0,0x0000000087700000)
 Metaspace       used 77525K, committed 79104K, reserved 1179648K
  class space    used 8697K, committed 9408K, reserved 1048576K
}

Dll operation events (15 events):
Event: 0.063 Loaded shared library c:\Users\NCTona\.antigravity\extensions\redhat.java-1.53.0-win32-x64\jre\21.0.10-win32-x86_64\bin\java.dll
Event: 0.484 Loaded shared library c:\Users\NCTona\.antigravity\extensions\redhat.java-1.53.0-win32-x64\jre\21.0.10-win32-x86_64\bin\zip.dll
Event: 0.553 Loaded shared library C:\Users\NCTona\.antigravity\extensions\redhat.java-1.53.0-win32-x64\jre\21.0.10-win32-x86_64\bin\instrument.dll
Event: 0.562 Loaded shared library C:\Users\NCTona\.antigravity\extensions\redhat.java-1.53.0-win32-x64\jre\21.0.10-win32-x86_64\bin\net.dll
Event: 0.565 Loaded shared library C:\Users\NCTona\.antigravity\extensions\redhat.java-1.53.0-win32-x64\jre\21.0.10-win32-x86_64\bin\nio.dll
Event: 0.588 Loaded shared library C:\Users\NCTona\.antigravity\extensions\redhat.java-1.53.0-win32-x64\jre\21.0.10-win32-x86_64\bin\zip.dll
Event: 0.607 Loaded shared library C:\Users\NCTona\.antigravity\extensions\redhat.java-1.53.0-win32-x64\jre\21.0.10-win32-x86_64\bin\jimage.dll
Event: 1.013 Loaded shared library c:\Users\NCTona\.antigravity\extensions\redhat.java-1.53.0-win32-x64\jre\21.0.10-win32-x86_64\bin\verify.dll
Event: 16.970 Loaded shared library C:\Users\NCTona\AppData\Roaming\Antigravity\User\globalStorage\redhat.java\1.53.0\config_win\org.eclipse.equinox.launcher\org.eclipse.equinox.launcher.win32.win32.x86_64_1.3.0.v20260203-2149\eclipse_11919.dll
Event: 27.556 Loaded shared library C:\Users\NCTona\AppData\Local\Temp\jna--1997404989\jna16585921837867680768.dll
Event: 29.725 Loaded shared library C:\Users\NCTona\.antigravity\extensions\redhat.java-1.53.0-win32-x64\jre\21.0.10-win32-x86_64\bin\sunmscapi.dll
Event: 29.845 Loaded shared library C:\Users\NCTona\.antigravity\extensions\redhat.java-1.53.0-win32-x64\jre\21.0.10-win32-x86_64\bin\extnet.dll
Event: 59.220 Loaded shared library C:\Users\NCTona\.gradle\native\c067742578af261105cb4f569cf0c3c89f3d7b1fecec35dd04571415982c5e48\windows-amd64\native-platform.dll
Event: 61.615 Loaded shared library C:\Users\NCTona\.antigravity\extensions\redhat.java-1.53.0-win32-x64\jre\21.0.10-win32-x86_64\bin\management.dll
Event: 61.622 Loaded shared library C:\Users\NCTona\.antigravity\extensions\redhat.java-1.53.0-win32-x64\jre\21.0.10-win32-x86_64\bin\management_ext.dll

Deoptimization events (20 events):
Event: 64.014 Thread 0x000002217ab3e850 Uncommon trap: trap_request=0xffffffd6 fr.pc=0x000002216907c288 relative=0x00000000000007c8
Event: 64.014 Thread 0x000002217ab3e850 Uncommon trap: reason=array_check action=maybe_recompile pc=0x000002216907c288 method=java.util.ImmutableCollections$List12.toArray([Ljava/lang/Object;)[Ljava/lang/Object; @ 48 c2
Event: 64.014 Thread 0x000002217ab3e850 DEOPT PACKING pc=0x000002216907c288 sp=0x000000d3909fe310
Event: 64.014 Thread 0x000002217ab3e850 DEOPT UNPACKING pc=0x0000022168103aa2 sp=0x000000d3909fe190 mode 2
Event: 64.014 Thread 0x000002217ab3e850 Uncommon trap: trap_request=0xffffffd6 fr.pc=0x000002216907c288 relative=0x00000000000007c8
Event: 64.014 Thread 0x000002217ab3e850 Uncommon trap: reason=array_check action=maybe_recompile pc=0x000002216907c288 method=java.util.ImmutableCollections$List12.toArray([Ljava/lang/Object;)[Ljava/lang/Object; @ 48 c2
Event: 64.014 Thread 0x000002217ab3e850 DEOPT PACKING pc=0x000002216907c288 sp=0x000000d3909fe310
Event: 64.014 Thread 0x000002217ab3e850 DEOPT UNPACKING pc=0x0000022168103aa2 sp=0x000000d3909fe190 mode 2
Event: 64.380 Thread 0x000002217ab3e850 Uncommon trap: trap_request=0xffffff45 fr.pc=0x0000022168fa9a34 relative=0x0000000000000574
Event: 64.380 Thread 0x000002217ab3e850 Uncommon trap: reason=unstable_if action=reinterpret pc=0x0000022168fa9a34 method=org.eclipse.jdt.internal.compiler.parser.Scanner.addTokenToLookBack(Lorg/eclipse/jdt/internal/compiler/parser/TerminalToken;)V @ 60 c2
Event: 64.380 Thread 0x000002217ab3e850 DEOPT PACKING pc=0x0000022168fa9a34 sp=0x000000d3909febd0
Event: 64.380 Thread 0x000002217ab3e850 DEOPT UNPACKING pc=0x0000022168103aa2 sp=0x000000d3909feb00 mode 2
Event: 64.380 Thread 0x000002217ab3e850 Uncommon trap: trap_request=0x00000cd5 fr.pc=0x0000022168f8da98 relative=0x00000000000049f8
Event: 64.380 Thread 0x000002217ab3e850 Uncommon trap: reason=unloaded action=reinterpret pc=0x0000022168f8da98 method=org.eclipse.jdt.internal.compiler.parser.Parser.consumeRule(I)V @ 5201 c2
Event: 64.381 Thread 0x000002217ab3e850 DEOPT PACKING pc=0x0000022168f8da98 sp=0x000000d3909febf0
Event: 64.381 Thread 0x000002217ab3e850 DEOPT UNPACKING pc=0x0000022168103aa2 sp=0x000000d3909feb70 mode 2
Event: 64.382 Thread 0x000002217ab3e850 Uncommon trap: trap_request=0xffffff45 fr.pc=0x0000022168f4e624 relative=0x00000000000002a4
Event: 64.382 Thread 0x000002217ab3e850 Uncommon trap: reason=unstable_if action=reinterpret pc=0x0000022168f4e624 method=org.eclipse.jdt.internal.compiler.parser.Scanner.addTokenToLookBack(Lorg/eclipse/jdt/internal/compiler/parser/TerminalToken;)V @ 60 c2
Event: 64.382 Thread 0x000002217ab3e850 DEOPT PACKING pc=0x0000022168f4e624 sp=0x000000d3909feb50
Event: 64.382 Thread 0x000002217ab3e850 DEOPT UNPACKING pc=0x0000022168103aa2 sp=0x000000d3909feaf8 mode 2

Classes loaded (20 events):
Event: 61.694 Loading class java/nio/file/AtomicMoveNotSupportedException
Event: 61.694 Loading class java/nio/file/AtomicMoveNotSupportedException done
Event: 61.771 Loading class java/io/StreamCorruptedException
Event: 61.772 Loading class java/io/StreamCorruptedException done
Event: 61.782 Loading class java/util/concurrent/ConcurrentSkipListMap$EntrySet
Event: 61.783 Loading class java/util/concurrent/ConcurrentSkipListMap$EntrySet done
Event: 61.783 Loading class java/util/concurrent/ConcurrentSkipListMap$EntryIterator
Event: 61.783 Loading class java/util/concurrent/ConcurrentSkipListMap$EntryIterator done
Event: 61.863 Loading class java/lang/invoke/BoundMethodHandle$Species_LLLLLLLLLL
Event: 61.863 Loading class java/lang/invoke/BoundMethodHandle$Species_LLLLLLLLLL done
Event: 62.556 Loading class java/lang/ProcessBuilder
Event: 62.558 Loading class java/lang/ProcessBuilder done
Event: 62.560 Loading class java/lang/ProcessImpl
Event: 62.560 Loading class java/lang/ProcessImpl done
Event: 62.599 Loading class java/lang/ProcessImpl$2
Event: 62.600 Loading class java/lang/ProcessImpl$2 done
Event: 62.600 Loading class java/lang/Process$PipeInputStream
Event: 62.600 Loading class java/lang/Process$PipeInputStream done
Event: 62.616 Loading class jdk/internal/event/ProcessStartEvent
Event: 62.635 Loading class jdk/internal/event/ProcessStartEvent done

Classes unloaded (11 events):
Event: 28.301 Thread 0x000002215b7fe9b0 Unloading class 0x00000221011a4800 'java/lang/invoke/LambdaForm$MH+0x00000221011a4800'
Event: 28.301 Thread 0x000002215b7fe9b0 Unloading class 0x00000221011a4400 'java/lang/invoke/LambdaForm$MH+0x00000221011a4400'
Event: 28.301 Thread 0x000002215b7fe9b0 Unloading class 0x00000221011a4000 'java/lang/invoke/LambdaForm$MH+0x00000221011a4000'
Event: 28.301 Thread 0x000002215b7fe9b0 Unloading class 0x00000221011a3c00 'java/lang/invoke/LambdaForm$MH+0x00000221011a3c00'
Event: 28.301 Thread 0x000002215b7fe9b0 Unloading class 0x00000221011a3800 'java/lang/invoke/LambdaForm$BMH+0x00000221011a3800'
Event: 28.301 Thread 0x000002215b7fe9b0 Unloading class 0x00000221011a3400 'java/lang/invoke/LambdaForm$DMH+0x00000221011a3400'
Event: 28.301 Thread 0x000002215b7fe9b0 Unloading class 0x00000221011a2000 'java/lang/invoke/LambdaForm$DMH+0x00000221011a2000'
Event: 53.347 Thread 0x000002215b7fe9b0 Unloading class 0x000002210166d400 'java/lang/invoke/LambdaForm$DMH+0x000002210166d400'
Event: 53.347 Thread 0x000002215b7fe9b0 Unloading class 0x000002210166d000 'java/lang/invoke/LambdaForm$DMH+0x000002210166d000'
Event: 53.347 Thread 0x000002215b7fe9b0 Unloading class 0x000002210166c800 'java/lang/invoke/LambdaForm$DMH+0x000002210166c800'
Event: 53.347 Thread 0x000002215b7fe9b0 Unloading class 0x000002210166cc00 'java/lang/invoke/LambdaForm$DMH+0x000002210166cc00'

Classes redefined (0 events):
No events

Internal exceptions (20 events):
Event: 57.958 Thread 0x000002217ab3db30 Exception <a 'java/lang/NoSuchMethodError'{0x00000000d5a55028}: 'java.lang.Object java.lang.invoke.DirectMethodHandle$Holder.invokeVirtual(java.lang.Object, java.lang.Object, java.lang.Object, java.lang.Object)'> (0x00000000d5a55028) 
thrown [s\src\hotspot\share\interpreter\linkResolver.cpp, line 773]
Event: 57.960 Thread 0x000002217ab3db30 Exception <a 'java/lang/NoSuchMethodError'{0x00000000d5a783a8}: 'java.lang.Object java.lang.invoke.DirectMethodHandle$Holder.invokeVirtual(java.lang.Object, java.lang.Object, java.lang.Object, java.lang.Object, java.lang.Object)'> (0x00000000d5a783a8) 
thrown [s\src\hotspot\share\interpreter\linkResolver.cpp, line 773]
Event: 58.159 Thread 0x000002217ab3e850 Exception <a 'java/lang/NoSuchMethodError'{0x00000000d5a74b20}: 'java.lang.Object java.lang.invoke.DirectMethodHandle$Holder.invokeStatic(java.lang.Object, java.lang.Object, int, int)'> (0x00000000d5a74b20) 
thrown [s\src\hotspot\share\interpreter\linkResolver.cpp, line 773]
Event: 58.159 Thread 0x000002217ab3e850 Exception <a 'java/lang/NoSuchMethodError'{0x00000000d5a78b80}: 'java.lang.Object java.lang.invoke.DirectMethodHandle$Holder.invokeSpecial(java.lang.Object, java.lang.Object, java.lang.Object, int, int)'> (0x00000000d5a78b80) 
thrown [s\src\hotspot\share\interpreter\linkResolver.cpp, line 773]
Event: 58.624 Thread 0x000002217ab3e850 Implicit null exception at 0x0000022168e069c7 to 0x0000022168e06f1c
Event: 59.009 Thread 0x000002217ab3e850 Implicit null exception at 0x0000022168e43a4d to 0x0000022168e43acc
Event: 59.011 Thread 0x000002217ab3e850 Implicit null exception at 0x0000022168d4b546 to 0x0000022168d4b58f
Event: 59.864 Thread 0x000002217ab3e850 Implicit null exception at 0x0000022168e6b862 to 0x0000022168e6bcd0
Event: 61.353 Thread 0x000002217b9b3f80 Exception <a 'java/lang/NoSuchMethodError'{0x00000000d5707648}: 'java.lang.Object java.lang.invoke.DirectMethodHandle$Holder.invokeVirtual(java.lang.Object, java.lang.Object, java.lang.Object, java.lang.Object, java.lang.Object, java.lang.Object)'> (0x00000000d5707648) 
thrown [s\src\hotspot\share\interpreter\linkResolver.cpp, line 773]
Event: 61.493 Thread 0x000002217b9b3f80 Exception <a 'java/lang/NoSuchMethodError'{0x00000000d5b6e868}: 'java.lang.Object java.lang.invoke.DirectMethodHandle$Holder.invokeVirtual(java.lang.Object, java.lang.Object, java.lang.Object, java.lang.Object, java.lang.Object, java.lang.Object, java.lang.Object)'> (0x00000000d5b6e868) 
thrown [s\src\hotspot\share\interpreter\linkResolver.cpp, line 773]
Event: 61.546 Thread 0x000002217b9b3f80 Exception <a 'java/lang/NoClassDefFoundError'{0x00000000d58d5a80}: org/slf4j/impl/StaticMarkerBinder> (0x00000000d58d5a80) 
thrown [s\src\hotspot\share\classfile\systemDictionary.cpp, line 301]
Event: 61.695 Thread 0x000002217b9b3f80 Exception <a 'java/lang/NoSuchMethodError'{0x00000000d5a5b7f8}: 'java.lang.Object java.lang.invoke.DirectMethodHandle$Holder.invokeVirtual(java.lang.Object, java.lang.Object, java.lang.Object, java.lang.Object, java.lang.Object, java.lang.Object, java.lang.Object, java.lang.Object)'> (0x00000000d5a5b7f8) 
thrown [s\src\hotspot\share\interpreter\linkResolver.cpp, line 773]
Event: 61.856 Thread 0x000002217b9b3f80 Exception <a 'java/lang/NoSuchMethodError'{0x00000000d560af48}: 'java.lang.Object java.lang.invoke.DirectMethodHandle$Holder.invokeVirtual(java.lang.Object, java.lang.Object, java.lang.Object, java.lang.Object, java.lang.Object, java.lang.Object, java.lang.Object, java.lang.Object, java.lang.Object, java.lang.Object, java.lang.Object)'> (0x00000000d560af48) 
thrown [s\src\hotspot\share\interpreter\linkResolver.cpp, line 773]
Event: 61.866 Thread 0x000002217b9b3f80 Exception <a 'java/lang/NoSuchMethodError'{0x00000000d5686f50}: 'java.lang.Object java.lang.invoke.DirectMethodHandle$Holder.invokeStatic(java.lang.Object, java.lang.Object, java.lang.Object, java.lang.Object, java.lang.Object, java.lang.Object, java.lang.Object, java.lang.Object, java.lang.Object, java.lang.Object, java.lang.Object, java.lang.Object, java.lang.Object)'> (0x00000000d5686f50) 
thrown [s\src\hotspot\share\interpreter\linkResolver.cpp, line 773]
Event: 62.548 Thread 0x000002217ab3e850 Exception <a 'java/lang/NoSuchMethodError'{0x00000000d59ec138}: 'java.lang.Object java.lang.invoke.DirectMethodHandle$Holder.invokeStatic(java.lang.Object, java.lang.Object, int, java.lang.Object)'> (0x00000000d59ec138) 
thrown [s\src\hotspot\share\interpreter\linkResolver.cpp, line 773]
Event: 62.599 Thread 0x000002217b9b59c0 Exception <a 'java/lang/NoSuchMethodError'{0x00000000d5a82570}: 'void java.lang.invoke.DirectMethodHandle$Holder.invokeStatic(java.lang.Object, long)'> (0x00000000d5a82570) 
thrown [s\src\hotspot\share\interpreter\linkResolver.cpp, line 773]
Event: 62.815 Thread 0x000002217ab3eee0 Exception <a 'sun/nio/fs/WindowsException'{0x00000000d5a3a3d0}> (0x00000000d5a3a3d0) 
thrown [s\src\hotspot\share\prims\jni.cpp, line 520]
Event: 62.816 Thread 0x000002217ab3eee0 Exception <a 'sun/nio/fs/WindowsException'{0x00000000d5a3ab00}> (0x00000000d5a3ab00) 
thrown [s\src\hotspot\share\prims\jni.cpp, line 520]
Event: 62.847 Thread 0x000002217ab3eee0 Implicit null exception at 0x000002216902c11b to 0x000002216902c1f0
Event: 64.602 Thread 0x000002217b9b59c0 Exception <a 'java/lang/NoSuchMethodError'{0x00000000d59a0540}: 'void java.lang.invoke.DirectMethodHandle$Holder.invokeSpecial(java.lang.Object, java.lang.Object, int)'> (0x00000000d59a0540) 
thrown [s\src\hotspot\share\interpreter\linkResolver.cpp, line 773]

ZGC Phase Switch (0 events):
No events

VM Operations (20 events):
Event: 64.141 Executing safepoint VM operation: ParallelGCFailedAllocation (Allocation Failure) done
Event: 64.156 Executing safepoint VM operation: ParallelGCFailedAllocation (Allocation Failure)
Event: 64.156 Executing safepoint VM operation: ParallelGCFailedAllocation (Allocation Failure) done
Event: 64.171 Executing safepoint VM operation: ParallelGCFailedAllocation (Allocation Failure)
Event: 64.171 Executing safepoint VM operation: ParallelGCFailedAllocation (Allocation Failure) done
Event: 64.188 Executing safepoint VM operation: ParallelGCFailedAllocation (Allocation Failure)
Event: 64.189 Executing safepoint VM operation: ParallelGCFailedAllocation (Allocation Failure) done
Event: 64.206 Executing safepoint VM operation: ParallelGCFailedAllocation (Allocation Failure)
Event: 64.207 Executing safepoint VM operation: ParallelGCFailedAllocation (Allocation Failure) done
Event: 64.219 Executing safepoint VM operation: ParallelGCFailedAllocation (Allocation Failure)
Event: 64.220 Executing safepoint VM operation: ParallelGCFailedAllocation (Allocation Failure) done
Event: 64.236 Executing safepoint VM operation: ParallelGCFailedAllocation (Allocation Failure)
Event: 64.236 Executing safepoint VM operation: ParallelGCFailedAllocation (Allocation Failure) done
Event: 64.309 Executing safepoint VM operation: ParallelGCFailedAllocation (Allocation Failure)
Event: 64.311 Executing safepoint VM operation: ParallelGCFailedAllocation (Allocation Failure) done
Event: 64.394 Executing safepoint VM operation: ParallelGCFailedAllocation (Allocation Failure)
Event: 64.396 Executing safepoint VM operation: ParallelGCFailedAllocation (Allocation Failure) done
Event: 64.434 Executing safepoint VM operation: ParallelGCFailedAllocation (Allocation Failure)
Event: 64.437 Executing safepoint VM operation: ParallelGCFailedAllocation (Allocation Failure) done
Event: 65.440 Executing safepoint VM operation: Cleanup

Memory protections (0 events):
No events

Nmethod flushes (20 events):
Event: 53.374 Thread 0x000002215b7fe9b0 flushing  nmethod 0x00000221613e5990
Event: 53.374 Thread 0x000002215b7fe9b0 flushing  nmethod 0x00000221613e9810
Event: 53.374 Thread 0x000002215b7fe9b0 flushing  nmethod 0x00000221613eb390
Event: 53.374 Thread 0x000002215b7fe9b0 flushing  nmethod 0x0000022161402510
Event: 53.374 Thread 0x000002215b7fe9b0 flushing  nmethod 0x0000022161402c10
Event: 53.374 Thread 0x000002215b7fe9b0 flushing  nmethod 0x0000022161404490
Event: 53.374 Thread 0x000002215b7fe9b0 flushing  nmethod 0x0000022161404a90
Event: 53.374 Thread 0x000002215b7fe9b0 flushing  nmethod 0x0000022161405310
Event: 53.374 Thread 0x000002215b7fe9b0 flushing  nmethod 0x0000022161407110
Event: 53.374 Thread 0x000002215b7fe9b0 flushing  nmethod 0x0000022161425610
Event: 53.374 Thread 0x000002215b7fe9b0 flushing  nmethod 0x0000022161430e90
Event: 53.374 Thread 0x000002215b7fe9b0 flushing  nmethod 0x0000022161432f90
Event: 53.374 Thread 0x000002215b7fe9b0 flushing  nmethod 0x0000022161440390
Event: 53.374 Thread 0x000002215b7fe9b0 flushing  nmethod 0x000002216144ee10
Event: 53.374 Thread 0x000002215b7fe9b0 flushing  nmethod 0x0000022161452810
Event: 53.374 Thread 0x000002215b7fe9b0 flushing  nmethod 0x0000022161477690
Event: 53.374 Thread 0x000002215b7fe9b0 flushing  nmethod 0x0000022161477990
Event: 53.374 Thread 0x000002215b7fe9b0 flushing  nmethod 0x00000221614b2d10
Event: 53.374 Thread 0x000002215b7fe9b0 flushing  nmethod 0x00000221614cae10
Event: 53.374 Thread 0x000002215b7fe9b0 flushing  nmethod 0x00000221614d5f90

Events (20 events):
Event: 53.014 Thread 0x000002217ab3db30 Thread added: 0x000002217a28caf0
Event: 53.284 Thread 0x000002217a28b740 Thread exited: 0x000002217a28b740
Event: 53.284 Thread 0x000002217a28caf0 Thread exited: 0x000002217a28caf0
Event: 53.284 Thread 0x000002217c0f9d20 Thread exited: 0x000002217c0f9d20
Event: 53.284 Thread 0x000002217a28c460 Thread exited: 0x000002217a28c460
Event: 53.284 Thread 0x000002217a28bdd0 Thread exited: 0x000002217a28bdd0
Event: 55.354 Thread 0x000002217a04b530 Thread added: 0x000002217e1fe8a0
Event: 57.584 Thread 0x000002217e1fe8a0 Thread exited: 0x000002217e1fe8a0
Event: 57.644 Thread 0x000002217a04b530 Thread added: 0x000002217e200ab0
Event: 57.649 Thread 0x000002217a04b530 Thread added: 0x000002217e1fe8a0
Event: 57.880 Thread 0x000002217ab3db30 Thread added: 0x000002217b9b7400
Event: 58.052 Thread 0x000002217ab3db30 Thread added: 0x000002217b9b3f80
Event: 58.113 Thread 0x000002217e1fe8a0 Thread exited: 0x000002217e1fe8a0
Event: 58.668 Thread 0x000002217a04b530 Thread added: 0x0000022149530e30
Event: 62.354 Thread 0x0000022149530e30 Thread exited: 0x0000022149530e30
Event: 62.555 Thread 0x000002217b9b3f80 Thread added: 0x000002217b9b59c0
Event: 62.637 Thread 0x000002217b9b59c0 Thread added: 0x000002217b9b6050
Event: 62.637 Thread 0x000002217b9b59c0 Thread added: 0x000002217b9b4ca0
Event: 62.640 Thread 0x00000221743f9820 Thread added: 0x0000022149533040
Event: 64.152 Thread 0x0000022149533040 Thread exited: 0x0000022149533040


Dynamic libraries:
0x00007ff686be0000 - 0x00007ff686bee000 	c:\Users\NCTona\.antigravity\extensions\redhat.java-1.53.0-win32-x64\jre\21.0.10-win32-x86_64\bin\java.exe
0x00007ffbd1800000 - 0x00007ffbd1a67000 	C:\WINDOWS\SYSTEM32\ntdll.dll
0x00007ffbd0600000 - 0x00007ffbd06c9000 	C:\WINDOWS\System32\KERNEL32.DLL
0x00007ffbced00000 - 0x00007ffbcf0f1000 	C:\WINDOWS\System32\KERNELBASE.dll
0x00007ffbce0e0000 - 0x00007ffbce22b000 	C:\WINDOWS\System32\ucrtbase.dll
0x00007ffb9b420000 - 0x00007ffb9b438000 	c:\Users\NCTona\.antigravity\extensions\redhat.java-1.53.0-win32-x64\jre\21.0.10-win32-x86_64\bin\jli.dll
0x00007ffbd0430000 - 0x00007ffbd05f5000 	C:\WINDOWS\System32\USER32.dll
0x00007ffbcec10000 - 0x00007ffbcec37000 	C:\WINDOWS\System32\win32u.dll
0x00007ffbd0230000 - 0x00007ffbd025b000 	C:\WINDOWS\System32\GDI32.dll
0x00007ffbcf240000 - 0x00007ffbcf36b000 	C:\WINDOWS\System32\gdi32full.dll
0x00007ffbcf370000 - 0x00007ffbcf413000 	C:\WINDOWS\System32\msvcp_win.dll
0x00007ffba8220000 - 0x00007ffba823e000 	c:\Users\NCTona\.antigravity\extensions\redhat.java-1.53.0-win32-x64\jre\21.0.10-win32-x86_64\bin\VCRUNTIME140.dll
0x00007ffbb7d50000 - 0x00007ffbb7fe3000 	C:\WINDOWS\WinSxS\amd64_microsoft.windows.common-controls_6595b64144ccf1df_6.0.26100.8037_none_3e092faae333b53b\COMCTL32.dll
0x00007ffbcfdb0000 - 0x00007ffbcfe59000 	C:\WINDOWS\System32\msvcrt.dll
0x00007ffbcf5a0000 - 0x00007ffbcf5d1000 	C:\WINDOWS\System32\IMM32.DLL
0x00007ffbb6fb0000 - 0x00007ffbb6fbc000 	c:\Users\NCTona\.antigravity\extensions\redhat.java-1.53.0-win32-x64\jre\21.0.10-win32-x86_64\bin\vcruntime140_1.dll
0x00007ffb5f170000 - 0x00007ffb5f1fd000 	c:\Users\NCTona\.antigravity\extensions\redhat.java-1.53.0-win32-x64\jre\21.0.10-win32-x86_64\bin\msvcp140.dll
0x00007ffb58ef0000 - 0x00007ffb59c91000 	c:\Users\NCTona\.antigravity\extensions\redhat.java-1.53.0-win32-x64\jre\21.0.10-win32-x86_64\bin\server\jvm.dll
0x00007ffbd07b0000 - 0x00007ffbd086b000 	C:\WINDOWS\System32\ADVAPI32.dll
0x00007ffbd0370000 - 0x00007ffbd0417000 	C:\WINDOWS\System32\sechost.dll
0x00007ffbd1650000 - 0x00007ffbd1768000 	C:\WINDOWS\System32\RPCRT4.dll
0x00007ffbd0db0000 - 0x00007ffbd0e24000 	C:\WINDOWS\System32\WS2_32.dll
0x00007ffbcdf40000 - 0x00007ffbcdf9e000 	C:\WINDOWS\SYSTEM32\POWRPROF.dll
0x00007ffbbca10000 - 0x00007ffbbca45000 	C:\WINDOWS\SYSTEM32\WINMM.dll
0x00007ffbc0ec0000 - 0x00007ffbc0ecb000 	C:\WINDOWS\SYSTEM32\VERSION.dll
0x00007ffbcdf20000 - 0x00007ffbcdf34000 	C:\WINDOWS\SYSTEM32\UMPDC.dll
0x00007ffbcce40000 - 0x00007ffbcce5b000 	C:\WINDOWS\SYSTEM32\kernel.appcore.dll
0x00007ffbaf0b0000 - 0x00007ffbaf0ba000 	c:\Users\NCTona\.antigravity\extensions\redhat.java-1.53.0-win32-x64\jre\21.0.10-win32-x86_64\bin\jimage.dll
0x00007ffbcbfb0000 - 0x00007ffbcc1f2000 	C:\WINDOWS\SYSTEM32\DBGHELP.DLL
0x00007ffbd12c0000 - 0x00007ffbd1642000 	C:\WINDOWS\System32\combase.dll
0x00007ffbd06d0000 - 0x00007ffbd07a7000 	C:\WINDOWS\System32\OLEAUT32.dll
0x00007ffbb6d00000 - 0x00007ffbb6d3b000 	C:\WINDOWS\SYSTEM32\dbgcore.DLL
0x00007ffbcf100000 - 0x00007ffbcf1a5000 	C:\WINDOWS\System32\bcryptPrimitives.dll
0x00007ffb9c360000 - 0x00007ffb9c36f000 	c:\Users\NCTona\.antigravity\extensions\redhat.java-1.53.0-win32-x64\jre\21.0.10-win32-x86_64\bin\instrument.dll
0x00007ffb97560000 - 0x00007ffb97580000 	c:\Users\NCTona\.antigravity\extensions\redhat.java-1.53.0-win32-x64\jre\21.0.10-win32-x86_64\bin\java.dll
0x00007ffbcf5e0000 - 0x00007ffbcfd3f000 	C:\WINDOWS\System32\SHELL32.dll
0x00007ffbce230000 - 0x00007ffbce39a000 	C:\WINDOWS\System32\wintypes.dll
0x00007ffbce3a0000 - 0x00007ffbcec04000 	C:\WINDOWS\System32\windows.storage.dll
0x00007ffbd0260000 - 0x00007ffbd0357000 	C:\WINDOWS\System32\SHCORE.dll
0x00007ffbcfee0000 - 0x00007ffbcff47000 	C:\WINDOWS\System32\shlwapi.dll
0x00007ffbce000000 - 0x00007ffbce029000 	C:\WINDOWS\SYSTEM32\profapi.dll
0x00007ffb97180000 - 0x00007ffb97198000 	c:\Users\NCTona\.antigravity\extensions\redhat.java-1.53.0-win32-x64\jre\21.0.10-win32-x86_64\bin\zip.dll
0x00007ffb9b540000 - 0x00007ffb9b550000 	C:\Users\NCTona\.antigravity\extensions\redhat.java-1.53.0-win32-x64\jre\21.0.10-win32-x86_64\bin\net.dll
0x00007ffbc1460000 - 0x00007ffbc1587000 	C:\WINDOWS\SYSTEM32\WINHTTP.dll
0x00007ffbcd3c0000 - 0x00007ffbcd42b000 	C:\WINDOWS\system32\mswsock.dll
0x00007ffb97050000 - 0x00007ffb97066000 	C:\Users\NCTona\.antigravity\extensions\redhat.java-1.53.0-win32-x64\jre\21.0.10-win32-x86_64\bin\nio.dll
0x00007ffbaac30000 - 0x00007ffbaac40000 	c:\Users\NCTona\.antigravity\extensions\redhat.java-1.53.0-win32-x64\jre\21.0.10-win32-x86_64\bin\verify.dll
0x00007ffb9b4a0000 - 0x00007ffb9b4e5000 	C:\Users\NCTona\AppData\Roaming\Antigravity\User\globalStorage\redhat.java\1.53.0\config_win\org.eclipse.equinox.launcher\org.eclipse.equinox.launcher.win32.win32.x86_64_1.3.0.v20260203-2149\eclipse_11919.dll
0x00007ffbd0c10000 - 0x00007ffbd0da5000 	C:\WINDOWS\System32\ole32.dll
0x00007ffbcd6c0000 - 0x00007ffbcd6db000 	C:\WINDOWS\SYSTEM32\CRYPTSP.dll
0x00007ffbccda0000 - 0x00007ffbccdd9000 	C:\WINDOWS\system32\rsaenh.dll
0x00007ffbcd490000 - 0x00007ffbcd4c2000 	C:\WINDOWS\SYSTEM32\USERENV.dll
0x00007ffbcdfd0000 - 0x00007ffbcdffa000 	C:\WINDOWS\SYSTEM32\bcrypt.dll
0x00007ffbcd6e0000 - 0x00007ffbcd6ec000 	C:\WINDOWS\SYSTEM32\CRYPTBASE.dll
0x00007ffbcc740000 - 0x00007ffbcc773000 	C:\WINDOWS\SYSTEM32\IPHLPAPI.DLL
0x00007ffbd0420000 - 0x00007ffbd042a000 	C:\WINDOWS\System32\NSI.dll
0x00007ffb85500000 - 0x00007ffb85549000 	C:\Users\NCTona\AppData\Local\Temp\jna--1997404989\jna16585921837867680768.dll
0x00007ffbd0c00000 - 0x00007ffbd0c08000 	C:\WINDOWS\System32\PSAPI.DLL
0x00007ffbc1b30000 - 0x00007ffbc1b4d000 	C:\WINDOWS\SYSTEM32\dhcpcsvc6.DLL
0x00007ffbc1b00000 - 0x00007ffbc1b23000 	C:\WINDOWS\SYSTEM32\dhcpcsvc.DLL
0x00007ffbc87c0000 - 0x00007ffbc87ce000 	C:\Users\NCTona\.antigravity\extensions\redhat.java-1.53.0-win32-x64\jre\21.0.10-win32-x86_64\bin\sunmscapi.dll
0x00007ffbcf420000 - 0x00007ffbcf597000 	C:\WINDOWS\System32\CRYPT32.dll
0x00007ffbcd8e0000 - 0x00007ffbcd910000 	C:\WINDOWS\SYSTEM32\ncrypt.dll
0x00007ffbcd890000 - 0x00007ffbcd8cf000 	C:\WINDOWS\SYSTEM32\NTASN1.dll
0x00007ffbcc8b0000 - 0x00007ffbcc9da000 	C:\WINDOWS\SYSTEM32\DNSAPI.dll
0x00007ffbc0460000 - 0x00007ffbc046b000 	C:\Windows\System32\rasadhlp.dll
0x00007ffbc0a40000 - 0x00007ffbc0ac6000 	C:\WINDOWS\System32\fwpuclnt.dll
0x00007ffbc87b0000 - 0x00007ffbc87b9000 	C:\Users\NCTona\.antigravity\extensions\redhat.java-1.53.0-win32-x64\jre\21.0.10-win32-x86_64\bin\extnet.dll
0x00007ffae1270000 - 0x00007ffae1297000 	C:\Users\NCTona\.gradle\native\c067742578af261105cb4f569cf0c3c89f3d7b1fecec35dd04571415982c5e48\windows-amd64\native-platform.dll
0x00007ffbc74e0000 - 0x00007ffbc74ea000 	C:\Users\NCTona\.antigravity\extensions\redhat.java-1.53.0-win32-x64\jre\21.0.10-win32-x86_64\bin\management.dll
0x00007ffbc1120000 - 0x00007ffbc112c000 	C:\Users\NCTona\.antigravity\extensions\redhat.java-1.53.0-win32-x64\jre\21.0.10-win32-x86_64\bin\management_ext.dll

JVMTI agents:
c:\Users\NCTona\.antigravity\extensions\redhat.java-1.53.0-win32-x64\lombok\lombok-1.18.39-4050.jar path:c:\Users\NCTona\.antigravity\extensions\redhat.java-1.53.0-win32-x64\jre\21.0.10-win32-x86_64\bin\instrument.dll, loaded, initialized, instrumentlib options:none

dbghelp: loaded successfully - version: 4.0.5 - missing functions: none
symbol engine: initialized successfully - sym options: 0x614 - pdb path: .;c:\Users\NCTona\.antigravity\extensions\redhat.java-1.53.0-win32-x64\jre\21.0.10-win32-x86_64\bin;C:\WINDOWS\SYSTEM32;C:\WINDOWS\WinSxS\amd64_microsoft.windows.common-controls_6595b64144ccf1df_6.0.26100.8037_none_3e092faae333b53b;c:\Users\NCTona\.antigravity\extensions\redhat.java-1.53.0-win32-x64\jre\21.0.10-win32-x86_64\bin\server;C:\Users\NCTona\AppData\Roaming\Antigravity\User\globalStorage\redhat.java\1.53.0\config_win\org.eclipse.equinox.launcher\org.eclipse.equinox.launcher.win32.win32.x86_64_1.3.0.v20260203-2149;C:\Users\NCTona\AppData\Local\Temp\jna--1997404989;C:\Users\NCTona\.gradle\native\c067742578af261105cb4f569cf0c3c89f3d7b1fecec35dd04571415982c5e48\windows-amd64

VM Arguments:
jvm_args: --add-modules=ALL-SYSTEM --add-opens=java.base/java.util=ALL-UNNAMED --add-opens=java.base/java.lang=ALL-UNNAMED --add-opens=java.base/sun.nio.fs=ALL-UNNAMED -Declipse.application=org.eclipse.jdt.ls.core.id1 -Dosgi.bundles.defaultStartLevel=4 -Declipse.product=org.eclipse.jdt.ls.core.product -Djava.import.generatesMetadataFilesAtProjectRoot=false -DDetectVMInstallationsJob.disabled=true -Dfile.encoding=utf8 -XX:+UseParallelGC -XX:GCTimeRatio=4 -XX:AdaptiveSizePolicyWeight=90 -Dsun.zip.disableMemoryMapping=true -Xmx2G -Xms100m -Xlog:disable -javaagent:c:\Users\NCTona\.antigravity\extensions\redhat.java-1.53.0-win32-x64\lombok\lombok-1.18.39-4050.jar -XX:+HeapDumpOnOutOfMemoryError -XX:HeapDumpPath=c:\Users\NCTona\AppData\Roaming\Antigravity\User\workspaceStorage\1fc186f8b66f51753aaab29ba95648f8\redhat.java -Daether.dependencyCollector.impl=bf 
java_command: c:\Users\NCTona\.antigravity\extensions\redhat.java-1.53.0-win32-x64\server\plugins\org.eclipse.equinox.launcher_1.7.100.v20251111-0406.jar -configuration c:\Users\NCTona\AppData\Roaming\Antigravity\User\globalStorage\redhat.java\1.53.0\config_win -data c:\Users\NCTona\AppData\Roaming\Antigravity\User\workspaceStorage\1fc186f8b66f51753aaab29ba95648f8\redhat.java\jdt_ws --pipe=\\.\pipe\lsp-0442e554bbac45ec79e73006b1dab7e0-sock
java_class_path (initial): c:\Users\NCTona\.antigravity\extensions\redhat.java-1.53.0-win32-x64\server\plugins\org.eclipse.equinox.launcher_1.7.100.v20251111-0406.jar
Launcher Type: SUN_STANDARD

[Global flags]
    uintx AdaptiveSizePolicyWeight                 = 90                                        {product} {command line}
     intx CICompilerCount                          = 4                                         {product} {ergonomic}
    uintx GCTimeRatio                              = 4                                         {product} {command line}
     bool HeapDumpOnOutOfMemoryError               = true                                   {manageable} {command line}
    ccstr HeapDumpPath                             = c:\Users\NCTona\AppData\Roaming\Antigravity\User\workspaceStorage\1fc186f8b66f51753aaab29ba95648f8\redhat.java         {manageable} {command line}
   size_t InitialHeapSize                          = 104857600                                 {product} {command line}
   size_t MaxHeapSize                              = 2147483648                                {product} {command line}
   size_t MaxNewSize                               = 715653120                                 {product} {ergonomic}
   size_t MinHeapDeltaBytes                        = 524288                                    {product} {ergonomic}
   size_t MinHeapSize                              = 104857600                                 {product} {command line}
   size_t NewSize                                  = 34603008                                  {product} {ergonomic}
    uintx NonNMethodCodeHeapSize                   = 5839372                                {pd product} {ergonomic}
    uintx NonProfiledCodeHeapSize                  = 122909434                              {pd product} {ergonomic}
   size_t OldSize                                  = 70254592                                  {product} {ergonomic}
    uintx ProfiledCodeHeapSize                     = 122909434                              {pd product} {ergonomic}
    uintx ReservedCodeCacheSize                    = 251658240                              {pd product} {ergonomic}
     bool SegmentedCodeCache                       = true                                      {product} {ergonomic}
   size_t SoftMaxHeapSize                          = 2147483648                             {manageable} {ergonomic}
     bool UseCompressedOops                        = true                           {product lp64_product} {ergonomic}
     bool UseLargePagesIndividualAllocation        = false                                  {pd product} {ergonomic}
     bool UseParallelGC                            = true                                      {product} {command line}

Logging:
Log output configuration:
 #0: stdout all=off uptime,level,tags foldmultilines=false
 #1: stderr all=off uptime,level,tags foldmultilines=false

Release file:
JAVA_VERSION="21.0.10" 
MODULES="java.base java.compiler java.datatransfer java.xml java.prefs java.desktop java.instrument java.logging java.management java.security.sasl java.naming java.rmi java.management.rmi java.net.http java.scripting java.security.jgss java.transaction.xa java.sql java.sql.rowset java.xml.crypto java.se java.smartcardio jdk.accessibility jdk.internal.jvmstat jdk.attach jdk.charsets jdk.internal.opt jdk.zipfs jdk.compiler jdk.crypto.ec jdk.crypto.cryptoki jdk.crypto.mscapi jdk.dynalink jdk.internal.ed jdk.editpad jdk.hotspot.agent jdk.httpserver jdk.internal.le jdk.internal.vm.ci jdk.internal.vm.compiler jdk.internal.vm.compiler.management jdk.jartool jdk.javadoc jdk.jcmd jdk.management jdk.management.agent jdk.jconsole jdk.jdeps jdk.jdwp.agent jdk.jdi jdk.jfr jdk.jshell jdk.jsobject jdk.jstatd jdk.localedata jdk.management.jfr jdk.naming.dns jdk.naming.rmi jdk.net jdk.nio.mapmode jdk.random jdk.sctp jdk.security.auth jdk.security.jgss jdk.unsupported jdk.unsupported.desktop jdk.xml.dom" 

Environment Variables:
JAVA_HOME=C:\Program Files\Java\jdk-17
PATH=C:\Program Files\Common Files\Oracle\Java\javapath;C:\Windows\system32;C:\Windows;C:\Windows\System32\Wbem;C:\Windows\System32\WindowsPowerShell\v1.0\;C:\Windows\System32\OpenSSH\;C:\Program Files (x86)\NVIDIA Corporation\PhysX\Common;C:\Program Files\NVIDIA Corporation\NVIDIA NvDLISR;C:\WINDOWS\system32;C:\WINDOWS;C:\WINDOWS\System32\Wbem;C:\WINDOWS\System32\WindowsPowerShell\v1.0\;C:\WINDOWS\System32\OpenSSH\;F:\Git\cmd;C:\Program Files\dotnet\;C:\Program Files\NVIDIA Corporation\Nsight Compute 2024.3.1\;C:\Program Files\Java\jdk-17\bin;F:\Nodejs\;C:\Program Files\Cloudflare\Cloudflare WARP\;C:\Users\NCTona\.local\bin;C:\Users\NCTona\miniconda3\Scripts;C:\Users\NCTona\Downloads\ngrok-v3-stable-windows-amd64;C:\Users\NCTona\AppData\Roaming\npm;C:\Users\NCTona\miniconda3\shell\condabin;C:\Users\NCTona\miniconda3;F:\Microsoft VS Code\bin;C:\Users\NCTona\AppData\Local\Microsoft\WindowsApps;C:\Users\NCTona\AppData\Local\Programs\Antigravity\bin;C:\Users\NCTona\maven\apache-maven-3.9.14\bin
USERNAME=NCTona
OS=Windows_NT
PROCESSOR_IDENTIFIER=Intel64 Family 6 Model 165 Stepping 2, GenuineIntel
TMP=C:\Users\NCTona\AppData\Local\Temp
TEMP=C:\Users\NCTona\AppData\Local\Temp




Periodic native trim disabled

---------------  S Y S T E M  ---------------

OS:
 Windows 11 , 64 bit Build 26100 (10.0.26100.7920)
OS uptime: 9 days 6:16 hours
Hyper-V role detected

CPU: total 8 (initial active 8) (4 cores per cpu, 2 threads per core) family 6 model 165 stepping 2 microcode 0xe0, cx8, cmov, fxsr, ht, mmx, 3dnowpref, sse, sse2, sse3, ssse3, sse4.1, sse4.2, popcnt, lzcnt, tsc, tscinvbit, avx, avx2, aes, erms, clmul, bmi1, bmi2, adx, fma, vzeroupper, clflush, clflushopt, hv, rdtscp, f16c
Processor Information for the first 8 processors :
  Max Mhz: 2496, Current Mhz: 2496, Mhz Limit: 2496

Memory: 4k page, system-wide physical 8029M (344M free)
TotalPageFile size 32605M (AvailPageFile size 54M)
current process WorkingSet (physical memory assigned to process): 381M, peak: 402M
current process commit charge ("private bytes"): 500M, peak: 504M

vm_info: OpenJDK 64-Bit Server VM (21.0.10+7-LTS) for windows-amd64 JRE (21.0.10+7-LTS), built on 2026-01-20T00:00:00Z by "admin" with MS VC++ 17.12 (VS2022)

END.
